<testsuites id="" name="" tests="3" failures="0" skipped="0" errors="0" time="120.407079">
<testsuite name="identifyHospital.spec.ts" timestamp="2026-04-04T18:36:00.119Z" hostname="chromium" tests="3" failures="0" skipped="0" time="114.261" errors="0">
<testcase name="@smoke Data Validation › @validate Search hospitals and validate details" classname="identifyHospital.spec.ts" time="89.919">
<system-out>
<![CDATA[Total hospital found: 10
Clicked on hospital: Manipal Hospital Varthur Road (formerly Columbia Asia Hospital)
Rating for Manipal Hospital Varthur Road (formerly Columbia Asia Hospital): 4.0, Open 24x7: true
Read more info button for Manipal Hospital Varthur Road (formerly Columbia Asia Hospital) is visible: true
Name of hospital: Manipal Hospital Varthur Road (formerly Columbia Asia Hospital)
Clicked on hospital: Manipal Hospitals
Rating for Manipal Hospitals: 4.5, Open 24x7: true
Read more info button for Manipal Hospitals is visible: true
Name of hospital: Manipal Hospitals
Clicked on hospital: Koshys Hospital
Rating for Koshys Hospital: 4.0, Open 24x7: true
Read more info button for Koshys Hospital is visible: true
Name of hospital: Koshys Hospital
Clicked on hospital: Motherhood Hospital
Rating for Motherhood Hospital: 4.5, Open 24x7: true
Read more info button for Motherhood Hospital is visible: true
Name of hospital: Motherhood Hospital
Clicked on hospital: Motherhood Hospital
Rating for Motherhood Hospital: 4.5, Open 24x7: true
Read more info button for Motherhood Hospital is visible: true
Name of hospital: Motherhood Hospital
Clicked on hospital: Sagar Hospitals
Rating for Sagar Hospitals: 4.0, Open 24x7: true
Read more info button for Sagar Hospitals is visible: true
Name of hospital: Sagar Hospitals
Clicked on hospital: Apollo Cradle & Children’s Hospital
Rating for Apollo Cradle & Children’s Hospital: 4.5, Open 24x7: true
Read more info button for Apollo Cradle & Children’s Hospital is visible: true
Name of hospital: Apollo Cradle & Children’s Hospital
Clicked on hospital: Manipal Hospital
Rating for Manipal Hospital: 3.5, Open 24x7: true
Read more info button for Manipal Hospital is visible: true
it is not contain
Clicked on hospital: Manipal Hospital
Rating for Manipal Hospital: 4.5, Open 24x7: false
Read more info button for Manipal Hospital is visible: true
it is not contain
Clicked on hospital: Cloudnine Hospital - Old Airport Road
Rating for Cloudnine Hospital - Old Airport Road: 4.5, Open 24x7: true
Read more info button for Cloudnine Hospital - Old Airport Road is visible: true
Name of hospital: Cloudnine Hospital - Old Airport Road

[[ATTACHMENT|test-results\identifyHospital--smoke-Da-51202-pitals-and-validate-details-chromium\test-finished-1.png]]

[[ATTACHMENT|test-results\identifyHospital--smoke-Da-51202-pitals-and-validate-details-chromium\video-2.webm]]

[[ATTACHMENT|test-results\identifyHospital--smoke-Da-51202-pitals-and-validate-details-chromium\video-1.webm]]

[[ATTACHMENT|test-results\identifyHospital--smoke-Da-51202-pitals-and-validate-details-chromium\video-3.webm]]

[[ATTACHMENT|test-results\identifyHospital--smoke-Da-51202-pitals-and-validate-details-chromium\video.webm]]

[[ATTACHMENT|test-results\identifyHospital--smoke-Da-51202-pitals-and-validate-details-chromium\video-6.webm]]

[[ATTACHMENT|test-results\identifyHospital--smoke-Da-51202-pitals-and-validate-details-chromium\video-5.webm]]

[[ATTACHMENT|test-results\identifyHospital--smoke-Da-51202-pitals-and-validate-details-chromium\video-4.webm]]

[[ATTACHMENT|test-results\identifyHospital--smoke-Da-51202-pitals-and-validate-details-chromium\video-7.webm]]

[[ATTACHMENT|test-results\identifyHospital--smoke-Da-51202-pitals-and-validate-details-chromium\video-9.webm]]

[[ATTACHMENT|test-results\identifyHospital--smoke-Da-51202-pitals-and-validate-details-chromium\video-8.webm]]

[[ATTACHMENT|test-results\identifyHospital--smoke-Da-51202-pitals-and-validate-details-chromium\video-10.webm]]
]]>
</system-out>
</testcase>
<testcase name="@smoke Data Validation › @add-to-cart lab tests" classname="identifyHospital.spec.ts" time="17.018">
<system-out>
<![CDATA[Available cities: [
  [32m'Agartala'[39m,    [32m'Agra'[39m,          [32m'Ahmedabad'[39m,   [32m'Ajmer'[39m,
  [32m'Aligarh'[39m,     [32m'Allahabad'[39m,     [32m'Alwar'[39m,       [32m'Ambala'[39m,
  [32m'Amravati'[39m,    [32m'Amritsar'[39m,      [32m'Amroha'[39m,      [32m'Aurangabad'[39m,
  [32m'Azamgarh'[39m,    [32m'Bangalore'[39m,     [32m'Bardhaman'[39m,   [32m'Bareilly'[39m,
  [32m'Begusarai'[39m,   [32m'Belgaum'[39m,       [32m'Bharuch'[39m,     [32m'Bhiwani'[39m,
  [32m'Bhopal'[39m,      [32m'Bhubaneswar'[39m,   [32m'Bijnor'[39m,      [32m'Bikaner'[39m,
  [32m'Bilaspur'[39m,    [32m'Chandigarh'[39m,    [32m'Chennai'[39m,     [32m'Coimbatore'[39m,
  [32m'Cuttack'[39m,     [32m'Darbhanga'[39m,     [32m'Dehradun'[39m,    [32m'Delhi'[39m,
  [32m'Deoria'[39m,      [32m'Dhanbad'[39m,       [32m'Dibrugarh'[39m,   [32m'Durgapur'[39m,
  [32m'Ernakulam'[39m,   [32m'Faizabad'[39m,      [32m'Gandhinagar'[39m, [32m'Gaya'[39m,
  [32m'Gorakhpur'[39m,   [32m'Guntur'[39m,        [32m'Gurugram'[39m,    [32m'Guwahati'[39m,
  [32m'Gwalior'[39m,     [32m'Haridwar'[39m,      [32m'Hisar'[39m,       [32m'Hooghly'[39m,
  [32m'Hoshiarpur'[39m,  [32m'Howrah'[39m,        [32m'Hyderabad'[39m,   [32m'Indore'[39m,
  [32m'Jabalpur'[39m,    [32m'Jaipur'[39m,        [32m'Jalandhar'[39m,   [32m'Jammu'[39m,
  [32m'Jamshedpur'[39m,  [32m'Jhajjar'[39m,       [32m'Jodhpur'[39m,     [32m'Kaithal'[39m,
  [32m'Kanpur'[39m,      [32m'Karimnagar'[39m,    [32m'Karnal'[39m,      [32m'Kohlapur'[39m,
  [32m'Kolkata'[39m,     [32m'Kota'[39m,          [32m'Krishna'[39m,     [32m'Kurnool'[39m,
  [32m'Lucknow'[39m,     [32m'Ludhiana'[39m,      [32m'Madurai'[39m,     [32m'Mathura'[39m,
  [32m'Medak'[39m,       [32m'Meerut'[39m,        [32m'Mohali'[39m,      [32m'Moradabad'[39m,
  [32m'Mumbai'[39m,      [32m'Muzaffarnagar'[39m, [32m'Muzaffarpur'[39m, [32m'Mysore'[39m,
  [32m'Nagpur'[39m,      [32m'Nashik'[39m,        [32m'Navi Mumbai'[39m, [32m'Nellore'[39m,
  [32m'Nizamabad'[39m,   [32m'Noida'[39m,         [32m'North Goa'[39m,   [32m'Panchkula'[39m,
  [32m'Panipat'[39m,     [32m'Pathankot'[39m,     [32m'Patiala'[39m,     [32m'Patna'[39m,
  [32m'Pondicherry'[39m, [32m'Pune'[39m,          [32m'Purnia'[39m,      [32m'Raigarh'[39m,
  [32m'Raipur'[39m,      [32m'Rajkot'[39m,        [32m'Rampur'[39m,      [32m'Ranchi'[39m,
  ... 23 more items
]

[[ATTACHMENT|test-results\identifyHospital--smoke-Da-cd507-ation-add-to-cart-lab-tests-chromium\test-finished-1.png]]

[[ATTACHMENT|test-results\identifyHospital--smoke-Da-cd507-ation-add-to-cart-lab-tests-chromium\video.webm]]
]]>
</system-out>
</testcase>
<testcase name="@smoke Data Validation › @corporate Corporate Wellness - invalid data keeps the button disabled" classname="identifyHospital.spec.ts" time="7.324">
<system-out>
<![CDATA[ Since the data is invalid, the 'Schedule a Demo' button is disabled.

[[ATTACHMENT|test-results\identifyHospital--smoke-Da-45c0f-a-keeps-the-button-disabled-chromium\test-finished-1.png]]

[[ATTACHMENT|test-results\identifyHospital--smoke-Da-45c0f-a-keeps-the-button-disabled-chromium\video.webm]]
]]>
</system-out>
</testcase>
</testsuite>
</testsuites>